2026-09-06T07:44:45.154+05:45  INFO 37741 --- [main] com.library.lms.LmsApplication           : Starting LmsApplication using Java 17.0.20.1 with PID 37741 (/Users/karan/Projects/library-management-system/source code/target/classes started by karan in /Users/karan/Projects/library-management-system/source code)
2026-09-06T07:44:45.156+05:45  INFO 37741 --- [main] com.library.lms.LmsApplication           : No active profile set, falling back to 1 default profile: "default"
2026-09-06T07:44:45.441+05:45  INFO 37741 --- [main] .s.d.r.c.RepositoryConfigurationDelegate : Bootstrapping Spring Data JPA repositories in DEFAULT mode.
2026-09-06T07:44:45.469+05:45  INFO 37741 --- [main] .s.d.r.c.RepositoryConfigurationDelegate : Finished Spring Data repository scanning in 25 ms. Found 7 JPA repository interfaces.
2026-09-06T07:44:45.738+05:45  INFO 37741 --- [main] o.s.b.w.embedded.tomcat.TomcatWebServer  : Tomcat initialized with port 8080 (http)
2026-09-06T07:44:45.743+05:45  INFO 37741 --- [main] o.apache.catalina.core.StandardService   : Starting service [Tomcat]
2026-09-06T07:44:45.743+05:45  INFO 37741 --- [main] o.apache.catalina.core.StandardEngine    : Starting Servlet engine: [Apache Tomcat/10.1.20]
2026-09-06T07:44:45.779+05:45  INFO 37741 --- [main] o.a.c.c.C.[Tomcat].[localhost].[/]       : Initializing Spring embedded WebApplicationContext
2026-09-06T07:44:45.780+05:45  INFO 37741 --- [main] w.s.c.ServletWebServerApplicationContext : Root WebApplicationContext: initialization completed in 609 ms
2026-09-06T07:44:45.799+05:45  INFO 37741 --- [main] com.zaxxer.hikari.HikariDataSource       : HikariPool-1 - Starting...
2026-09-06T07:44:49.292+05:45  INFO 37741 --- [main] com.zaxxer.hikari.pool.HikariPool        : HikariPool-1 - Added connection conn1: url=jdbc:h2:file:./data/lmsdb user=SA
2026-09-06T07:44:49.293+05:45  INFO 37741 --- [main] com.zaxxer.hikari.HikariDataSource       : HikariPool-1 - Start completed.
2026-09-06T07:44:49.297+05:45  INFO 37741 --- [main] o.s.b.a.h2.H2ConsoleAutoConfiguration    : H2 console available at '/h2-console'. Database available at 'jdbc:h2:file:./data/lmsdb'
2026-09-06T07:44:49.372+05:45  INFO 37741 --- [main] o.hibernate.jpa.internal.util.LogHelper  : HHH000204: Processing PersistenceUnitInfo [name: default]
2026-09-06T07:44:49.407+05:45  INFO 37741 --- [main] org.hibernate.Version                    : HHH000412: Hibernate ORM core version 6.4.4.Final
2026-09-06T07:44:49.424+05:45  INFO 37741 --- [main] o.h.c.internal.RegionFactoryInitiator    : HHH000026: Second-level cache disabled
2026-09-06T07:44:49.532+05:45  INFO 37741 --- [main] o.s.o.j.p.SpringPersistenceUnitInfo      : No LoadTimeWeaver setup: ignoring JPA class transformer
2026-09-06T07:44:49.549+05:45  WARN 37741 --- [main] org.hibernate.orm.deprecation            : HHH90000025: H2Dialect does not need to be specified explicitly using 'hibernate.dialect' (remove the property setting and it will be selected by default)
2026-09-06T07:44:49.952+05:45  INFO 37741 --- [main] o.h.e.t.j.p.i.JtaPlatformInitiator       : HHH000489: No JTA platform available (set 'hibernate.transaction.jta.platform' to enable JTA platform integration)
2026-09-06T07:44:49.978+05:45  INFO 37741 --- [main] j.LocalContainerEntityManagerFactoryBean : Initialized JPA EntityManagerFactory for persistence unit 'default'
2026-09-06T07:44:50.321+05:45  INFO 37741 --- [main] o.s.d.j.r.query.QueryEnhancerFactory     : Hibernate is in classpath; If applicable, HQL parser will be used.
2026-09-06T07:44:50.609+05:45  INFO 37741 --- [main] o.s.b.a.w.s.WelcomePageHandlerMapping    : Adding welcome page: class path resource [static/index.html]
2026-09-06T07:44:50.831+05:45  INFO 37741 --- [main] o.s.s.web.DefaultSecurityFilterChain     : Will secure any request with [org.springframework.security.web.session.DisableEncodeUrlFilter@32b273c1, org.springframework.security.web.context.request.async.WebAsyncManagerIntegrationFilter@745d399a, org.springframework.security.web.context.SecurityContextHolderFilter@5fc3bf09, org.springframework.security.web.header.HeaderWriterFilter@4398d, org.springframework.web.filter.CorsFilter@3392d69b, org.springframework.security.web.authentication.logout.LogoutFilter@340fd670, com.library.lms.security.JwtAuthFilter@1df8e685, org.springframework.security.web.savedrequest.RequestCacheAwareFilter@577e2b91, org.springframework.security.web.servletapi.SecurityContextHolderAwareRequestFilter@68a06914, org.springframework.security.web.authentication.AnonymousAuthenticationFilter@420307f9, org.springframework.security.web.session.SessionManagementFilter@3e711e84, org.springframework.security.web.access.ExceptionTranslationFilter@5ac25491, org.springframework.security.web.access.intercept.AuthorizationFilter@7887e1f3]
2026-09-06T07:44:51.061+05:45  INFO 37741 --- [main] o.s.b.w.embedded.tomcat.TomcatWebServer  : Tomcat started on port 8080 (http) with context path ''
2026-09-06T07:44:51.069+05:45  INFO 37741 --- [main] com.library.lms.LmsApplication           : Started LmsApplication in 6.05 seconds (process running for 6.169)
2026-09-06T07:47:03.258+05:45  INFO 37741 --- [http-nio-8080-exec-1] o.a.c.c.C.[Tomcat].[localhost].[/]       : Initializing Spring DispatcherServlet 'dispatcherServlet'
2026-09-06T07:47:03.258+05:45  INFO 37741 --- [http-nio-8080-exec-1] o.s.web.servlet.DispatcherServlet        : Initializing Servlet 'dispatcherServlet'
2026-09-06T07:47:03.261+05:45  INFO 37741 --- [http-nio-8080-exec-1] o.s.web.servlet.DispatcherServlet        : Completed initialization in 2 ms
2026-09-06T07:51:08.511+05:45  INFO 37741 --- [http-nio-8080-exec-10] o.springdoc.api.AbstractOpenApiResource  : Init duration for springdoc-openapi is: 309 ms
2026-09-06T08:00:00.064+05:45  INFO 37741 --- [scheduling-1] c.l.lms.scheduler.OverdueLoanScheduler   : Overdue loan check completed. 0 loan(s) marked overdue.
2026-09-06T08:11:54.572+05:45  INFO 37741 --- [http-nio-8080-exec-8] com.library.lms.aspect.AuditAspect       : [AUDIT-AOP] Method 'issueLoan' executed successfully by class 'LoanServiceImpl'
2026-09-06T08:53:45.109+05:45  WARN 37741 --- [HikariPool-1 housekeeper] com.zaxxer.hikari.pool.HikariPool        : HikariPool-1 - Thread starvation or clock leap detected (housekeeper delta=15m55s338ms).
2026-09-06T08:57:27.617+05:45  WARN 37741 --- [HikariPool-1 housekeeper] com.zaxxer.hikari.pool.HikariPool        : HikariPool-1 - Thread starvation or clock leap detected (housekeeper delta=3m42s515ms).
2026-09-06T09:07:10.354+05:45  WARN 37741 --- [HikariPool-1 housekeeper] com.zaxxer.hikari.pool.HikariPool        : HikariPool-1 - Thread starvation or clock leap detected (housekeeper delta=9m12s724ms).
2026-09-06T09:23:06.106+05:45  WARN 37741 --- [HikariPool-1 housekeeper] com.zaxxer.hikari.pool.HikariPool        : HikariPool-1 - Thread starvation or clock leap detected (housekeeper delta=15m55s752ms).
2026-09-06T09:39:32.008+05:45  WARN 37741 --- [HikariPool-1 housekeeper] com.zaxxer.hikari.pool.HikariPool        : HikariPool-1 - Thread starvation or clock leap detected (housekeeper delta=15m55s894ms).
2026-09-06T09:43:15.156+05:45  WARN 37741 --- [HikariPool-1 housekeeper] com.zaxxer.hikari.pool.HikariPool        : HikariPool-1 - Thread starvation or clock leap detected (housekeeper delta=3m13s134ms).
2026-09-06T09:57:52.946+05:45  WARN 37741 --- [HikariPool-1 housekeeper] com.zaxxer.hikari.pool.HikariPool        : HikariPool-1 - Thread starvation or clock leap detected (housekeeper delta=14m37s791ms).
2026-09-06T10:00:38.102+05:45  INFO 37741 --- [SpringApplicationShutdownHook] j.LocalContainerEntityManagerFactoryBean : Closing JPA EntityManagerFactory for persistence unit 'default'
2026-09-06T10:00:38.159+05:45  INFO 37741 --- [SpringApplicationShutdownHook] com.zaxxer.hikari.HikariDataSource       : HikariPool-1 - Shutdown initiated...
2026-09-06T10:00:38.173+05:45  INFO 37741 --- [SpringApplicationShutdownHook] com.zaxxer.hikari.HikariDataSource       : HikariPool-1 - Shutdown completed.
2026-09-06T10:16:05.984+05:45  INFO 40894 --- [main] com.library.lms.LmsApplication           : Starting LmsApplication v1.0.0 using Java 17.0.20.1 with PID 40894 (/Users/karan/Projects/library-management-system/source code/target/library-management-system-1.0.0.jar started by karan in /Users/karan/Projects/library-management-system/source code)
2026-09-06T10:16:05.986+05:45  INFO 40894 --- [main] com.library.lms.LmsApplication           : No active profile set, falling back to 1 default profile: "default"
2026-09-06T10:16:06.519+05:45  INFO 40894 --- [main] .s.d.r.c.RepositoryConfigurationDelegate : Bootstrapping Spring Data JPA repositories in DEFAULT mode.
2026-09-06T10:16:06.552+05:45  INFO 40894 --- [main] .s.d.r.c.RepositoryConfigurationDelegate : Finished Spring Data repository scanning in 28 ms. Found 7 JPA repository interfaces.
2026-09-06T10:16:06.906+05:45  INFO 40894 --- [main] o.s.b.w.embedded.tomcat.TomcatWebServer  : Tomcat initialized with port 8080 (http)
2026-09-06T10:16:06.911+05:45  INFO 40894 --- [main] o.apache.catalina.core.StandardService   : Starting service [Tomcat]
2026-09-06T10:16:06.911+05:45  INFO 40894 --- [main] o.apache.catalina.core.StandardEngine    : Starting Servlet engine: [Apache Tomcat/10.1.20]
2026-09-06T10:16:06.927+05:45  INFO 40894 --- [main] o.a.c.c.C.[Tomcat].[localhost].[/]       : Initializing Spring embedded WebApplicationContext
2026-09-06T10:16:06.927+05:45  INFO 40894 --- [main] w.s.c.ServletWebServerApplicationContext : Root WebApplicationContext: initialization completed in 867 ms
2026-09-06T10:16:06.953+05:45  INFO 40894 --- [main] com.zaxxer.hikari.HikariDataSource       : HikariPool-1 - Starting...
2026-09-06T10:16:07.161+05:45  INFO 40894 --- [main] com.zaxxer.hikari.pool.HikariPool        : HikariPool-1 - Added connection conn1: url=jdbc:h2:file:./data/lmsdb user=SA
2026-09-06T10:16:07.162+05:45  INFO 40894 --- [main] com.zaxxer.hikari.HikariDataSource       : HikariPool-1 - Start completed.
2026-09-06T10:16:07.168+05:45  INFO 40894 --- [main] o.s.b.a.h2.H2ConsoleAutoConfiguration    : H2 console available at '/h2-console'. Database available at 'jdbc:h2:file:./data/lmsdb'
2026-09-06T10:16:07.239+05:45  INFO 40894 --- [main] o.hibernate.jpa.internal.util.LogHelper  : HHH000204: Processing PersistenceUnitInfo [name: default]
2026-09-06T10:16:07.266+05:45  INFO 40894 --- [main] org.hibernate.Version                    : HHH000412: Hibernate ORM core version 6.4.4.Final
2026-09-06T10:16:07.285+05:45  INFO 40894 --- [main] o.h.c.internal.RegionFactoryInitiator    : HHH000026: Second-level cache disabled
2026-09-06T10:16:07.400+05:45  INFO 40894 --- [main] o.s.o.j.p.SpringPersistenceUnitInfo      : No LoadTimeWeaver setup: ignoring JPA class transformer
2026-09-06T10:16:07.424+05:45  WARN 40894 --- [main] org.hibernate.orm.deprecation            : HHH90000025: H2Dialect does not need to be specified explicitly using 'hibernate.dialect' (remove the property setting and it will be selected by default)
2026-09-06T10:16:07.887+05:45  INFO 40894 --- [main] o.h.e.t.j.p.i.JtaPlatformInitiator       : HHH000489: No JTA platform available (set 'hibernate.transaction.jta.platform' to enable JTA platform integration)
2026-09-06T10:16:07.912+05:45  INFO 40894 --- [main] j.LocalContainerEntityManagerFactoryBean : Initialized JPA EntityManagerFactory for persistence unit 'default'
2026-09-06T10:16:08.172+05:45  INFO 40894 --- [main] o.s.d.j.r.query.QueryEnhancerFactory     : Hibernate is in classpath; If applicable, HQL parser will be used.
2026-09-06T10:16:08.540+05:45  INFO 40894 --- [main] o.s.b.a.w.s.WelcomePageHandlerMapping    : Adding welcome page: class path resource [static/index.html]
2026-09-06T10:16:08.700+05:45  INFO 40894 --- [main] o.s.s.web.DefaultSecurityFilterChain     : Will secure any request with [org.springframework.security.web.session.DisableEncodeUrlFilter@618c387d, org.springframework.security.web.context.request.async.WebAsyncManagerIntegrationFilter@7aa06fac, org.springframework.security.web.context.SecurityContextHolderFilter@7b886bd3, org.springframework.security.web.header.HeaderWriterFilter@6cf7de4e, org.springframework.web.filter.CorsFilter@3d7d72f2, org.springframework.security.web.authentication.logout.LogoutFilter@2bcf856f, com.library.lms.security.JwtAuthFilter@21b3d356, org.springframework.security.web.savedrequest.RequestCacheAwareFilter@75daa568, org.springframework.security.web.servletapi.SecurityContextHolderAwareRequestFilter@41ebae0e, org.springframework.security.web.authentication.AnonymousAuthenticationFilter@3479b4cd, org.springframework.security.web.session.SessionManagementFilter@311683ea, org.springframework.security.web.access.ExceptionTranslationFilter@f58011d, org.springframework.security.web.access.intercept.AuthorizationFilter@135a8812]
2026-09-06T10:16:08.872+05:45  INFO 40894 --- [main] o.s.b.w.embedded.tomcat.TomcatWebServer  : Tomcat started on port 8080 (http) with context path ''
2026-09-06T10:16:08.887+05:45  INFO 40894 --- [main] com.library.lms.LmsApplication           : Started LmsApplication in 3.139 seconds (process running for 3.397)
2026-09-06T10:16:11.503+05:45  INFO 40894 --- [http-nio-8080-exec-1] o.a.c.c.C.[Tomcat].[localhost].[/]       : Initializing Spring DispatcherServlet 'dispatcherServlet'
2026-09-06T10:16:11.503+05:45  INFO 40894 --- [http-nio-8080-exec-1] o.s.web.servlet.DispatcherServlet        : Initializing Servlet 'dispatcherServlet'
2026-09-06T10:16:11.504+05:45  INFO 40894 --- [http-nio-8080-exec-1] o.s.web.servlet.DispatcherServlet        : Completed initialization in 1 ms
2026-09-06T10:17:09.809+05:45  INFO 40894 --- [http-nio-8080-exec-3] com.library.lms.aspect.AuditAspect       : [AUDIT-AOP] Method 'createBook' executed successfully by class 'BookServiceImpl'
2026-09-06T10:17:09.817+05:45  INFO 40894 --- [http-nio-8080-exec-4] com.library.lms.aspect.AuditAspect       : [AUDIT-AOP] Method 'createBook' executed successfully by class 'BookServiceImpl'
2026-09-06T10:17:09.823+05:45  INFO 40894 --- [http-nio-8080-exec-5] com.library.lms.aspect.AuditAspect       : [AUDIT-AOP] Method 'createBook' executed successfully by class 'BookServiceImpl'
2026-09-06T10:17:09.829+05:45  INFO 40894 --- [http-nio-8080-exec-6] com.library.lms.aspect.AuditAspect       : [AUDIT-AOP] Method 'createBook' executed successfully by class 'BookServiceImpl'
2026-09-06T10:17:09.835+05:45  INFO 40894 --- [http-nio-8080-exec-7] com.library.lms.aspect.AuditAspect       : [AUDIT-AOP] Method 'createBook' executed successfully by class 'BookServiceImpl'
2026-09-06T10:17:09.840+05:45  INFO 40894 --- [http-nio-8080-exec-8] com.library.lms.aspect.AuditAspect       : [AUDIT-AOP] Method 'createBook' executed successfully by class 'BookServiceImpl'
2026-09-06T10:17:09.846+05:45  INFO 40894 --- [http-nio-8080-exec-9] com.library.lms.aspect.AuditAspect       : [AUDIT-AOP] Method 'createBook' executed successfully by class 'BookServiceImpl'
2026-09-06T10:17:09.852+05:45  INFO 40894 --- [http-nio-8080-exec-10] com.library.lms.aspect.AuditAspect       : [AUDIT-AOP] Method 'createBook' executed successfully by class 'BookServiceImpl'
2026-09-06T10:17:09.857+05:45  INFO 40894 --- [http-nio-8080-exec-1] com.library.lms.aspect.AuditAspect       : [AUDIT-AOP] Method 'createBook' executed successfully by class 'BookServiceImpl'
2026-09-06T10:17:09.863+05:45  INFO 40894 --- [http-nio-8080-exec-2] com.library.lms.aspect.AuditAspect       : [AUDIT-AOP] Method 'createBook' executed successfully by class 'BookServiceImpl'
2026-09-06T10:17:09.878+05:45  INFO 40894 --- [http-nio-8080-exec-3] com.library.lms.aspect.AuditAspect       : [AUDIT-AOP] Method 'createMember' executed successfully by class 'MemberServiceImpl'
2026-09-06T10:17:09.884+05:45  INFO 40894 --- [http-nio-8080-exec-4] com.library.lms.aspect.AuditAspect       : [AUDIT-AOP] Method 'createMember' executed successfully by class 'MemberServiceImpl'
2026-09-06T10:17:09.889+05:45  INFO 40894 --- [http-nio-8080-exec-5] com.library.lms.aspect.AuditAspect       : [AUDIT-AOP] Method 'createMember' executed successfully by class 'MemberServiceImpl'
2026-09-06T10:17:09.894+05:45  INFO 40894 --- [http-nio-8080-exec-6] com.library.lms.aspect.AuditAspect       : [AUDIT-AOP] Method 'createMember' executed successfully by class 'MemberServiceImpl'
2026-09-06T10:17:09.899+05:45  INFO 40894 --- [http-nio-8080-exec-7] com.library.lms.aspect.AuditAspect       : [AUDIT-AOP] Method 'createMember' executed successfully by class 'MemberServiceImpl'
2026-09-06T10:17:09.904+05:45  INFO 40894 --- [http-nio-8080-exec-8] com.library.lms.aspect.AuditAspect       : [AUDIT-AOP] Method 'createMember' executed successfully by class 'MemberServiceImpl'
2026-09-06T10:17:22.226+05:45  INFO 40894 --- [http-nio-8080-exec-9] com.library.lms.aspect.AuditAspect       : [AUDIT-AOP] Method 'issueLoan' executed successfully by class 'LoanServiceImpl'
2026-09-06T10:17:22.239+05:45  INFO 40894 --- [http-nio-8080-exec-10] com.library.lms.aspect.AuditAspect       : [AUDIT-AOP] Method 'issueLoan' executed successfully by class 'LoanServiceImpl'
2026-09-06T10:17:35.369+05:45  INFO 40894 --- [http-nio-8080-exec-1] com.library.lms.aspect.AuditAspect       : [AUDIT-AOP] Method 'issueLoan' executed successfully by class 'LoanServiceImpl'
2026-09-06T10:17:35.376+05:45  INFO 40894 --- [http-nio-8080-exec-2] com.library.lms.aspect.AuditAspect       : [AUDIT-AOP] Method 'issueLoan' executed successfully by class 'LoanServiceImpl'
2026-09-06T10:17:35.381+05:45  INFO 40894 --- [http-nio-8080-exec-3] com.library.lms.aspect.AuditAspect       : [AUDIT-AOP] Method 'issueLoan' executed successfully by class 'LoanServiceImpl'
2026-09-06T10:17:35.386+05:45  INFO 40894 --- [http-nio-8080-exec-4] com.library.lms.aspect.AuditAspect       : [AUDIT-AOP] Method 'issueLoan' executed successfully by class 'LoanServiceImpl'
2026-09-06T10:17:35.391+05:45  INFO 40894 --- [http-nio-8080-exec-5] com.library.lms.aspect.AuditAspect       : [AUDIT-AOP] Method 'issueLoan' executed successfully by class 'LoanServiceImpl'
2026-09-06T10:17:35.395+05:45  INFO 40894 --- [http-nio-8080-exec-6] com.library.lms.aspect.AuditAspect       : [AUDIT-AOP] Method 'issueLoan' executed successfully by class 'LoanServiceImpl'
2026-09-06T10:18:09.794+05:45  INFO 40894 --- [SpringApplicationShutdownHook] j.LocalContainerEntityManagerFactoryBean : Closing JPA EntityManagerFactory for persistence unit 'default'
2026-09-06T10:18:09.798+05:45  INFO 40894 --- [SpringApplicationShutdownHook] com.zaxxer.hikari.HikariDataSource       : HikariPool-1 - Shutdown initiated...
2026-09-06T10:18:09.801+05:45  INFO 40894 --- [SpringApplicationShutdownHook] com.zaxxer.hikari.HikariDataSource       : HikariPool-1 - Shutdown completed.
2026-09-06T10:18:40.251+05:45  INFO 41091 --- [main] com.library.lms.LmsApplication           : Starting LmsApplication v1.0.0 using Java 17.0.20.1 with PID 41091 (/Users/karan/Projects/library-management-system/source code/target/library-management-system-1.0.0.jar started by karan in /Users/karan/Projects/library-management-system/source code)
2026-09-06T10:18:40.253+05:45  INFO 41091 --- [main] com.library.lms.LmsApplication           : No active profile set, falling back to 1 default profile: "default"
2026-09-06T10:18:40.734+05:45  INFO 41091 --- [main] .s.d.r.c.RepositoryConfigurationDelegate : Bootstrapping Spring Data JPA repositories in DEFAULT mode.
2026-09-06T10:18:40.769+05:45  INFO 41091 --- [main] .s.d.r.c.RepositoryConfigurationDelegate : Finished Spring Data repository scanning in 31 ms. Found 7 JPA repository interfaces.
2026-09-06T10:18:41.125+05:45  INFO 41091 --- [main] o.s.b.w.embedded.tomcat.TomcatWebServer  : Tomcat initialized with port 8080 (http)
2026-09-06T10:18:41.135+05:45  INFO 41091 --- [main] o.apache.catalina.core.StandardService   : Starting service [Tomcat]
2026-09-06T10:18:41.136+05:45  INFO 41091 --- [main] o.apache.catalina.core.StandardEngine    : Starting Servlet engine: [Apache Tomcat/10.1.20]
2026-09-06T10:18:41.153+05:45  INFO 41091 --- [main] o.a.c.c.C.[Tomcat].[localhost].[/]       : Initializing Spring embedded WebApplicationContext
2026-09-06T10:18:41.153+05:45  INFO 41091 --- [main] w.s.c.ServletWebServerApplicationContext : Root WebApplicationContext: initialization completed in 850 ms
2026-09-06T10:18:41.178+05:45  INFO 41091 --- [main] com.zaxxer.hikari.HikariDataSource       : HikariPool-1 - Starting...
2026-09-06T10:18:41.355+05:45  INFO 41091 --- [main] com.zaxxer.hikari.pool.HikariPool        : HikariPool-1 - Added connection conn1: url=jdbc:h2:file:./data/lmsdb user=SA
2026-09-06T10:18:41.356+05:45  INFO 41091 --- [main] com.zaxxer.hikari.HikariDataSource       : HikariPool-1 - Start completed.
2026-09-06T10:18:41.360+05:45  INFO 41091 --- [main] o.s.b.a.h2.H2ConsoleAutoConfiguration    : H2 console available at '/h2-console'. Database available at 'jdbc:h2:file:./data/lmsdb'
2026-09-06T10:18:41.428+05:45  INFO 41091 --- [main] o.hibernate.jpa.internal.util.LogHelper  : HHH000204: Processing PersistenceUnitInfo [name: default]
2026-09-06T10:18:41.454+05:45  INFO 41091 --- [main] org.hibernate.Version                    : HHH000412: Hibernate ORM core version 6.4.4.Final
2026-09-06T10:18:41.470+05:45  INFO 41091 --- [main] o.h.c.internal.RegionFactoryInitiator    : HHH000026: Second-level cache disabled
2026-09-06T10:18:41.571+05:45  INFO 41091 --- [main] o.s.o.j.p.SpringPersistenceUnitInfo      : No LoadTimeWeaver setup: ignoring JPA class transformer
2026-09-06T10:18:41.595+05:45  WARN 41091 --- [main] org.hibernate.orm.deprecation            : HHH90000025: H2Dialect does not need to be specified explicitly using 'hibernate.dialect' (remove the property setting and it will be selected by default)
2026-09-06T10:18:42.065+05:45  INFO 41091 --- [main] o.h.e.t.j.p.i.JtaPlatformInitiator       : HHH000489: No JTA platform available (set 'hibernate.transaction.jta.platform' to enable JTA platform integration)
2026-09-06T10:18:42.091+05:45  INFO 41091 --- [main] j.LocalContainerEntityManagerFactoryBean : Initialized JPA EntityManagerFactory for persistence unit 'default'
2026-09-06T10:18:42.346+05:45  INFO 41091 --- [main] o.s.d.j.r.query.QueryEnhancerFactory     : Hibernate is in classpath; If applicable, HQL parser will be used.
2026-09-06T10:18:42.704+05:45  INFO 41091 --- [main] o.s.b.a.w.s.WelcomePageHandlerMapping    : Adding welcome page: class path resource [static/index.html]
2026-09-06T10:18:42.827+05:45  INFO 41091 --- [main] o.s.s.web.DefaultSecurityFilterChain     : Will secure any request with [org.springframework.security.web.session.DisableEncodeUrlFilter@3d7d72f2, org.springframework.security.web.context.request.async.WebAsyncManagerIntegrationFilter@3479b4cd, org.springframework.security.web.context.SecurityContextHolderFilter@75daa568, org.springframework.security.web.header.HeaderWriterFilter@f5b08d4, org.springframework.web.filter.CorsFilter@34b63def, org.springframework.security.web.authentication.logout.LogoutFilter@42a5bdaf, com.library.lms.security.JwtAuthFilter@285ac29, org.springframework.security.web.savedrequest.RequestCacheAwareFilter@79059313, org.springframework.security.web.servletapi.SecurityContextHolderAwareRequestFilter@222e9ace, org.springframework.security.web.authentication.AnonymousAuthenticationFilter@4d92e9da, org.springframework.security.web.session.SessionManagementFilter@2fc378cd, org.springframework.security.web.access.ExceptionTranslationFilter@6cf7de4e, org.springframework.security.web.access.intercept.AuthorizationFilter@618c387d]
2026-09-06T10:18:42.973+05:45  INFO 41091 --- [main] o.s.b.w.embedded.tomcat.TomcatWebServer  : Tomcat started on port 8080 (http) with context path ''
2026-09-06T10:18:42.987+05:45  INFO 41091 --- [main] com.library.lms.LmsApplication           : Started LmsApplication in 2.958 seconds (process running for 3.196)
2026-09-06T10:19:00.058+05:45 ERROR 41091 --- [scheduling-1] o.s.s.s.TaskUtils$LoggingErrorHandler    : Unexpected error occurred in scheduled task

org.hibernate.LazyInitializationException: could not initialize proxy [com.library.lms.entity.Member#1] - no Session
	at org.hibernate.proxy.AbstractLazyInitializer.initialize(AbstractLazyInitializer.java:165) ~[hibernate-core-6.4.4.Final.jar!/:6.4.4.Final]
	at org.hibernate.proxy.AbstractLazyInitializer.getImplementation(AbstractLazyInitializer.java:314) ~[hibernate-core-6.4.4.Final.jar!/:6.4.4.Final]
	at org.hibernate.proxy.pojo.bytebuddy.ByteBuddyInterceptor.intercept(ByteBuddyInterceptor.java:44) ~[hibernate-core-6.4.4.Final.jar!/:6.4.4.Final]
	at org.hibernate.proxy.ProxyConfiguration$InterceptorDispatcher.intercept(ProxyConfiguration.java:102) ~[hibernate-core-6.4.4.Final.jar!/:6.4.4.Final]
	at com.library.lms.entity.Member$HibernateProxy$hpTEUBwp.getEmail(Unknown Source) ~[!/:1.0.0]
	at com.library.lms.scheduler.OverdueLoanScheduler.notifyMember(OverdueLoanScheduler.java:47) ~[!/:1.0.0]
	at com.library.lms.scheduler.OverdueLoanScheduler.checkOverdueLoans(OverdueLoanScheduler.java:39) ~[!/:1.0.0]
	at java.base/jdk.internal.reflect.NativeMethodAccessorImpl.invoke0(Native Method) ~[na:na]
	at java.base/jdk.internal.reflect.NativeMethodAccessorImpl.invoke(NativeMethodAccessorImpl.java:77) ~[na:na]
	at java.base/jdk.internal.reflect.DelegatingMethodAccessorImpl.invoke(DelegatingMethodAccessorImpl.java:43) ~[na:na]
	at java.base/java.lang.reflect.Method.invoke(Method.java:569) ~[na:na]
	at org.springframework.scheduling.support.ScheduledMethodRunnable.runInternal(ScheduledMethodRunnable.java:130) ~[spring-context-6.1.6.jar!/:6.1.6]
	at org.springframework.scheduling.support.ScheduledMethodRunnable.lambda$run$2(ScheduledMethodRunnable.java:124) ~[spring-context-6.1.6.jar!/:6.1.6]
	at io.micrometer.observation.Observation.observe(Observation.java:499) ~[micrometer-observation-1.12.5.jar!/:1.12.5]
	at org.springframework.scheduling.support.ScheduledMethodRunnable.run(ScheduledMethodRunnable.java:124) ~[spring-context-6.1.6.jar!/:6.1.6]
	at org.springframework.scheduling.support.DelegatingErrorHandlingRunnable.run(DelegatingErrorHandlingRunnable.java:54) ~[spring-context-6.1.6.jar!/:6.1.6]
	at org.springframework.scheduling.concurrent.ReschedulingRunnable.run(ReschedulingRunnable.java:96) ~[spring-context-6.1.6.jar!/:6.1.6]
	at java.base/java.util.concurrent.Executors$RunnableAdapter.call(Executors.java:539) ~[na:na]
	at java.base/java.util.concurrent.FutureTask.run(FutureTask.java:264) ~[na:na]
	at java.base/java.util.concurrent.ScheduledThreadPoolExecutor$ScheduledFutureTask.run(ScheduledThreadPoolExecutor.java:304) ~[na:na]
	at java.base/java.util.concurrent.ThreadPoolExecutor.runWorker(ThreadPoolExecutor.java:1136) ~[na:na]
	at java.base/java.util.concurrent.ThreadPoolExecutor$Worker.run(ThreadPoolExecutor.java:635) ~[na:na]
	at java.base/java.lang.Thread.run(Thread.java:840) ~[na:na]

2026-09-06T10:19:20.018+05:45 ERROR 41091 --- [scheduling-1] o.s.s.s.TaskUtils$LoggingErrorHandler    : Unexpected error occurred in scheduled task

org.hibernate.LazyInitializationException: could not initialize proxy [com.library.lms.entity.Member#33] - no Session
	at org.hibernate.proxy.AbstractLazyInitializer.initialize(AbstractLazyInitializer.java:165) ~[hibernate-core-6.4.4.Final.jar!/:6.4.4.Final]
	at org.hibernate.proxy.AbstractLazyInitializer.getImplementation(AbstractLazyInitializer.java:314) ~[hibernate-core-6.4.4.Final.jar!/:6.4.4.Final]
	at org.hibernate.proxy.pojo.bytebuddy.ByteBuddyInterceptor.intercept(ByteBuddyInterceptor.java:44) ~[hibernate-core-6.4.4.Final.jar!/:6.4.4.Final]
	at org.hibernate.proxy.ProxyConfiguration$InterceptorDispatcher.intercept(ProxyConfiguration.java:102) ~[hibernate-core-6.4.4.Final.jar!/:6.4.4.Final]
	at com.library.lms.entity.Member$HibernateProxy$hpTEUBwp.getEmail(Unknown Source) ~[!/:1.0.0]
	at com.library.lms.scheduler.OverdueLoanScheduler.notifyMember(OverdueLoanScheduler.java:47) ~[!/:1.0.0]
	at com.library.lms.scheduler.OverdueLoanScheduler.checkOverdueLoans(OverdueLoanScheduler.java:39) ~[!/:1.0.0]
	at java.base/jdk.internal.reflect.NativeMethodAccessorImpl.invoke0(Native Method) ~[na:na]
	at java.base/jdk.internal.reflect.NativeMethodAccessorImpl.invoke(NativeMethodAccessorImpl.java:77) ~[na:na]
	at java.base/jdk.internal.reflect.DelegatingMethodAccessorImpl.invoke(DelegatingMethodAccessorImpl.java:43) ~[na:na]
	at java.base/java.lang.reflect.Method.invoke(Method.java:569) ~[na:na]
	at org.springframework.scheduling.support.ScheduledMethodRunnable.runInternal(ScheduledMethodRunnable.java:130) ~[spring-context-6.1.6.jar!/:6.1.6]
	at org.springframework.scheduling.support.ScheduledMethodRunnable.lambda$run$2(ScheduledMethodRunnable.java:124) ~[spring-context-6.1.6.jar!/:6.1.6]
	at io.micrometer.observation.Observation.observe(Observation.java:499) ~[micrometer-observation-1.12.5.jar!/:1.12.5]
	at org.springframework.scheduling.support.ScheduledMethodRunnable.run(ScheduledMethodRunnable.java:124) ~[spring-context-6.1.6.jar!/:6.1.6]
	at org.springframework.scheduling.support.DelegatingErrorHandlingRunnable.run(DelegatingErrorHandlingRunnable.java:54) ~[spring-context-6.1.6.jar!/:6.1.6]
	at org.springframework.scheduling.concurrent.ReschedulingRunnable.run(ReschedulingRunnable.java:96) ~[spring-context-6.1.6.jar!/:6.1.6]
	at java.base/java.util.concurrent.Executors$RunnableAdapter.call(Executors.java:539) ~[na:na]
	at java.base/java.util.concurrent.FutureTask.run(FutureTask.java:264) ~[na:na]
	at java.base/java.util.concurrent.ScheduledThreadPoolExecutor$ScheduledFutureTask.run(ScheduledThreadPoolExecutor.java:304) ~[na:na]
	at java.base/java.util.concurrent.ThreadPoolExecutor.runWorker(ThreadPoolExecutor.java:1136) ~[na:na]
	at java.base/java.util.concurrent.ThreadPoolExecutor$Worker.run(ThreadPoolExecutor.java:635) ~[na:na]
	at java.base/java.lang.Thread.run(Thread.java:840) ~[na:na]

2026-09-06T10:19:40.011+05:45 ERROR 41091 --- [scheduling-1] o.s.s.s.TaskUtils$LoggingErrorHandler    : Unexpected error occurred in scheduled task

org.hibernate.LazyInitializationException: could not initialize proxy [com.library.lms.entity.Member#35] - no Session
	at org.hibernate.proxy.AbstractLazyInitializer.initialize(AbstractLazyInitializer.java:165) ~[hibernate-core-6.4.4.Final.jar!/:6.4.4.Final]
	at org.hibernate.proxy.AbstractLazyInitializer.getImplementation(AbstractLazyInitializer.java:314) ~[hibernate-core-6.4.4.Final.jar!/:6.4.4.Final]
	at org.hibernate.proxy.pojo.bytebuddy.ByteBuddyInterceptor.intercept(ByteBuddyInterceptor.java:44) ~[hibernate-core-6.4.4.Final.jar!/:6.4.4.Final]
	at org.hibernate.proxy.ProxyConfiguration$InterceptorDispatcher.intercept(ProxyConfiguration.java:102) ~[hibernate-core-6.4.4.Final.jar!/:6.4.4.Final]
	at com.library.lms.entity.Member$HibernateProxy$hpTEUBwp.getEmail(Unknown Source) ~[!/:1.0.0]
	at com.library.lms.scheduler.OverdueLoanScheduler.notifyMember(OverdueLoanScheduler.java:47) ~[!/:1.0.0]
	at com.library.lms.scheduler.OverdueLoanScheduler.checkOverdueLoans(OverdueLoanScheduler.java:39) ~[!/:1.0.0]
	at java.base/jdk.internal.reflect.NativeMethodAccessorImpl.invoke0(Native Method) ~[na:na]
	at java.base/jdk.internal.reflect.NativeMethodAccessorImpl.invoke(NativeMethodAccessorImpl.java:77) ~[na:na]
	at java.base/jdk.internal.reflect.DelegatingMethodAccessorImpl.invoke(DelegatingMethodAccessorImpl.java:43) ~[na:na]
	at java.base/java.lang.reflect.Method.invoke(Method.java:569) ~[na:na]
	at org.springframework.scheduling.support.ScheduledMethodRunnable.runInternal(ScheduledMethodRunnable.java:130) ~[spring-context-6.1.6.jar!/:6.1.6]
	at org.springframework.scheduling.support.ScheduledMethodRunnable.lambda$run$2(ScheduledMethodRunnable.java:124) ~[spring-context-6.1.6.jar!/:6.1.6]
	at io.micrometer.observation.Observation.observe(Observation.java:499) ~[micrometer-observation-1.12.5.jar!/:1.12.5]
	at org.springframework.scheduling.support.ScheduledMethodRunnable.run(ScheduledMethodRunnable.java:124) ~[spring-context-6.1.6.jar!/:6.1.6]
	at org.springframework.scheduling.support.DelegatingErrorHandlingRunnable.run(DelegatingErrorHandlingRunnable.java:54) ~[spring-context-6.1.6.jar!/:6.1.6]
	at org.springframework.scheduling.concurrent.ReschedulingRunnable.run(ReschedulingRunnable.java:96) ~[spring-context-6.1.6.jar!/:6.1.6]
	at java.base/java.util.concurrent.Executors$RunnableAdapter.call(Executors.java:539) ~[na:na]
	at java.base/java.util.concurrent.FutureTask.run(FutureTask.java:264) ~[na:na]
	at java.base/java.util.concurrent.ScheduledThreadPoolExecutor$ScheduledFutureTask.run(ScheduledThreadPoolExecutor.java:304) ~[na:na]
	at java.base/java.util.concurrent.ThreadPoolExecutor.runWorker(ThreadPoolExecutor.java:1136) ~[na:na]
	at java.base/java.util.concurrent.ThreadPoolExecutor$Worker.run(ThreadPoolExecutor.java:635) ~[na:na]
	at java.base/java.lang.Thread.run(Thread.java:840) ~[na:na]

2026-09-06T10:20:00.008+05:45  INFO 41091 --- [scheduling-1] c.l.lms.scheduler.OverdueLoanScheduler   : Overdue loan check completed. 0 loan(s) marked overdue.
2026-09-06T10:20:12.513+05:45  INFO 41091 --- [SpringApplicationShutdownHook] j.LocalContainerEntityManagerFactoryBean : Closing JPA EntityManagerFactory for persistence unit 'default'
2026-09-06T10:20:12.515+05:45  INFO 41091 --- [SpringApplicationShutdownHook] com.zaxxer.hikari.HikariDataSource       : HikariPool-1 - Shutdown initiated...
2026-09-06T10:20:12.517+05:45  INFO 41091 --- [SpringApplicationShutdownHook] com.zaxxer.hikari.HikariDataSource       : HikariPool-1 - Shutdown completed.
2026-09-06T10:20:18.469+05:45  INFO 41272 --- [main] com.library.lms.LmsApplication           : Starting LmsApplication v1.0.0 using Java 17.0.20.1 with PID 41272 (/Users/karan/Projects/library-management-system/source code/target/library-management-system-1.0.0.jar started by karan in /Users/karan/Projects/library-management-system/source code)
2026-09-06T10:20:18.470+05:45  INFO 41272 --- [main] com.library.lms.LmsApplication           : No active profile set, falling back to 1 default profile: "default"
2026-09-06T10:20:19.017+05:45  INFO 41272 --- [main] .s.d.r.c.RepositoryConfigurationDelegate : Bootstrapping Spring Data JPA repositories in DEFAULT mode.
2026-09-06T10:20:19.052+05:45  INFO 41272 --- [main] .s.d.r.c.RepositoryConfigurationDelegate : Finished Spring Data repository scanning in 31 ms. Found 7 JPA repository interfaces.
2026-09-06T10:20:19.411+05:45  INFO 41272 --- [main] o.s.b.w.embedded.tomcat.TomcatWebServer  : Tomcat initialized with port 8080 (http)
2026-09-06T10:20:19.417+05:45  INFO 41272 --- [main] o.apache.catalina.core.StandardService   : Starting service [Tomcat]
2026-09-06T10:20:19.417+05:45  INFO 41272 --- [main] o.apache.catalina.core.StandardEngine    : Starting Servlet engine: [Apache Tomcat/10.1.20]
2026-09-06T10:20:19.431+05:45  INFO 41272 --- [main] o.a.c.c.C.[Tomcat].[localhost].[/]       : Initializing Spring embedded WebApplicationContext
2026-09-06T10:20:19.431+05:45  INFO 41272 --- [main] w.s.c.ServletWebServerApplicationContext : Root WebApplicationContext: initialization completed in 887 ms
2026-09-06T10:20:19.451+05:45  INFO 41272 --- [main] com.zaxxer.hikari.HikariDataSource       : HikariPool-1 - Starting...
2026-09-06T10:20:19.641+05:45  INFO 41272 --- [main] com.zaxxer.hikari.pool.HikariPool        : HikariPool-1 - Added connection conn1: url=jdbc:h2:file:./data/lmsdb user=SA
2026-09-06T10:20:19.642+05:45  INFO 41272 --- [main] com.zaxxer.hikari.HikariDataSource       : HikariPool-1 - Start completed.
2026-09-06T10:20:19.652+05:45  INFO 41272 --- [main] o.s.b.a.h2.H2ConsoleAutoConfiguration    : H2 console available at '/h2-console'. Database available at 'jdbc:h2:file:./data/lmsdb'
2026-09-06T10:20:19.714+05:45  INFO 41272 --- [main] o.hibernate.jpa.internal.util.LogHelper  : HHH000204: Processing PersistenceUnitInfo [name: default]
2026-09-06T10:20:19.741+05:45  INFO 41272 --- [main] org.hibernate.Version                    : HHH000412: Hibernate ORM core version 6.4.4.Final
2026-09-06T10:20:19.758+05:45  INFO 41272 --- [main] o.h.c.internal.RegionFactoryInitiator    : HHH000026: Second-level cache disabled
2026-09-06T10:20:19.864+05:45  INFO 41272 --- [main] o.s.o.j.p.SpringPersistenceUnitInfo      : No LoadTimeWeaver setup: ignoring JPA class transformer
2026-09-06T10:20:19.890+05:45  WARN 41272 --- [main] org.hibernate.orm.deprecation            : HHH90000025: H2Dialect does not need to be specified explicitly using 'hibernate.dialect' (remove the property setting and it will be selected by default)
2026-09-06T10:20:20.353+05:45  INFO 41272 --- [main] o.h.e.t.j.p.i.JtaPlatformInitiator       : HHH000489: No JTA platform available (set 'hibernate.transaction.jta.platform' to enable JTA platform integration)
2026-09-06T10:20:20.378+05:45  INFO 41272 --- [main] j.LocalContainerEntityManagerFactoryBean : Initialized JPA EntityManagerFactory for persistence unit 'default'
2026-09-06T10:20:20.618+05:45  INFO 41272 --- [main] o.s.d.j.r.query.QueryEnhancerFactory     : Hibernate is in classpath; If applicable, HQL parser will be used.
2026-09-06T10:20:20.973+05:45  INFO 41272 --- [main] o.s.b.a.w.s.WelcomePageHandlerMapping    : Adding welcome page: class path resource [static/index.html]
2026-09-06T10:20:21.096+05:45  INFO 41272 --- [main] o.s.s.web.DefaultSecurityFilterChain     : Will secure any request with [org.springframework.security.web.session.DisableEncodeUrlFilter@4d92e9da, org.springframework.security.web.context.request.async.WebAsyncManagerIntegrationFilter@1baef878, org.springframework.security.web.context.SecurityContextHolderFilter@222e9ace, org.springframework.security.web.header.HeaderWriterFilter@611c1f92, org.springframework.web.filter.CorsFilter@6208f81c, org.springframework.security.web.authentication.logout.LogoutFilter@2796716d, com.library.lms.security.JwtAuthFilter@7dbe858f, org.springframework.security.web.savedrequest.RequestCacheAwareFilter@1ef8cf89, org.springframework.security.web.servletapi.SecurityContextHolderAwareRequestFilter@4bb05a4e, org.springframework.security.web.authentication.AnonymousAuthenticationFilter@67d4e8f7, org.springframework.security.web.session.SessionManagementFilter@75daa568, org.springframework.security.web.access.ExceptionTranslationFilter@56a3da69, org.springframework.security.web.access.intercept.AuthorizationFilter@3479b4cd]
2026-09-06T10:20:21.232+05:45  INFO 41272 --- [main] o.s.b.w.embedded.tomcat.TomcatWebServer  : Tomcat started on port 8080 (http) with context path ''
2026-09-06T10:20:21.244+05:45  INFO 41272 --- [main] com.library.lms.LmsApplication           : Started LmsApplication in 3.018 seconds (process running for 3.265)
2026-09-06T10:20:40.048+05:45  INFO 41272 --- [scheduling-1] c.l.lms.scheduler.OverdueLoanScheduler   : Overdue loan check completed. 0 loan(s) marked overdue.
2026-09-06T10:21:00.014+05:45  INFO 41272 --- [scheduling-1] c.l.lms.scheduler.OverdueLoanScheduler   : Overdue loan check completed. 0 loan(s) marked overdue.
2026-09-06T10:21:20.014+05:45  INFO 41272 --- [scheduling-1] c.l.lms.scheduler.OverdueLoanScheduler   : Overdue loan check completed. 0 loan(s) marked overdue.
2026-09-06T10:21:40.007+05:45  INFO 41272 --- [scheduling-1] c.l.lms.scheduler.OverdueLoanScheduler   : Overdue loan check completed. 0 loan(s) marked overdue.
2026-09-06T10:22:00.003+05:45  INFO 41272 --- [scheduling-1] c.l.lms.scheduler.OverdueLoanScheduler   : Overdue loan check completed. 0 loan(s) marked overdue.
2026-09-06T10:22:20.038+05:45  INFO 41272 --- [scheduling-1] c.l.lms.scheduler.OverdueLoanScheduler   : [Email Simulation] Reminder: ram.sharma@example.com - Book '1984' was due on 2026-08-26
2026-09-06T10:22:20.039+05:45  INFO 41272 --- [scheduling-1] c.l.lms.scheduler.OverdueLoanScheduler   : [Email Simulation] Reminder: anjali.thapa@example.com - Book 'Effective Java' was due on 2026-08-26
2026-09-06T10:22:20.040+05:45  INFO 41272 --- [scheduling-1] c.l.lms.scheduler.OverdueLoanScheduler   : [Email Simulation] Reminder: nisha.adhikari@example.com - Book 'Harry Potter and the Philosopher's Stone' was due on 2026-08-31
2026-09-06T10:22:20.040+05:45  INFO 41272 --- [scheduling-1] c.l.lms.scheduler.OverdueLoanScheduler   : Overdue loan check completed. 3 loan(s) marked overdue.
2026-09-06T10:22:40.009+05:45  INFO 41272 --- [scheduling-1] c.l.lms.scheduler.OverdueLoanScheduler   : Overdue loan check completed. 0 loan(s) marked overdue.
2026-09-06T10:22:41.375+05:45  INFO 41272 --- [SpringApplicationShutdownHook] j.LocalContainerEntityManagerFactoryBean : Closing JPA EntityManagerFactory for persistence unit 'default'
2026-09-06T10:22:41.378+05:45  INFO 41272 --- [SpringApplicationShutdownHook] com.zaxxer.hikari.HikariDataSource       : HikariPool-1 - Shutdown initiated...
2026-09-06T10:22:41.380+05:45  INFO 41272 --- [SpringApplicationShutdownHook] com.zaxxer.hikari.HikariDataSource       : HikariPool-1 - Shutdown completed.
2026-09-06T10:22:47.343+05:45  INFO 41468 --- [main] com.library.lms.LmsApplication           : Starting LmsApplication v1.0.0 using Java 17.0.20.1 with PID 41468 (/Users/karan/Projects/library-management-system/source code/target/library-management-system-1.0.0.jar started by karan in /Users/karan/Projects/library-management-system/source code)
2026-09-06T10:22:47.344+05:45  INFO 41468 --- [main] com.library.lms.LmsApplication           : No active profile set, falling back to 1 default profile: "default"
2026-09-06T10:22:47.901+05:45  INFO 41468 --- [main] .s.d.r.c.RepositoryConfigurationDelegate : Bootstrapping Spring Data JPA repositories in DEFAULT mode.
2026-09-06T10:22:47.935+05:45  INFO 41468 --- [main] .s.d.r.c.RepositoryConfigurationDelegate : Finished Spring Data repository scanning in 30 ms. Found 7 JPA repository interfaces.
2026-09-06T10:22:48.271+05:45  INFO 41468 --- [main] o.s.b.w.embedded.tomcat.TomcatWebServer  : Tomcat initialized with port 8080 (http)
2026-09-06T10:22:48.276+05:45  INFO 41468 --- [main] o.apache.catalina.core.StandardService   : Starting service [Tomcat]
2026-09-06T10:22:48.276+05:45  INFO 41468 --- [main] o.apache.catalina.core.StandardEngine    : Starting Servlet engine: [Apache Tomcat/10.1.20]
2026-09-06T10:22:48.290+05:45  INFO 41468 --- [main] o.a.c.c.C.[Tomcat].[localhost].[/]       : Initializing Spring embedded WebApplicationContext
2026-09-06T10:22:48.290+05:45  INFO 41468 --- [main] w.s.c.ServletWebServerApplicationContext : Root WebApplicationContext: initialization completed in 866 ms
2026-09-06T10:22:48.311+05:45  INFO 41468 --- [main] com.zaxxer.hikari.HikariDataSource       : HikariPool-1 - Starting...
2026-09-06T10:22:48.482+05:45  INFO 41468 --- [main] com.zaxxer.hikari.pool.HikariPool        : HikariPool-1 - Added connection conn1: url=jdbc:h2:file:./data/lmsdb user=SA
2026-09-06T10:22:48.483+05:45  INFO 41468 --- [main] com.zaxxer.hikari.HikariDataSource       : HikariPool-1 - Start completed.
2026-09-06T10:22:48.491+05:45  INFO 41468 --- [main] o.s.b.a.h2.H2ConsoleAutoConfiguration    : H2 console available at '/h2-console'. Database available at 'jdbc:h2:file:./data/lmsdb'
2026-09-06T10:22:48.554+05:45  INFO 41468 --- [main] o.hibernate.jpa.internal.util.LogHelper  : HHH000204: Processing PersistenceUnitInfo [name: default]
2026-09-06T10:22:48.580+05:45  INFO 41468 --- [main] org.hibernate.Version                    : HHH000412: Hibernate ORM core version 6.4.4.Final
2026-09-06T10:22:48.595+05:45  INFO 41468 --- [main] o.h.c.internal.RegionFactoryInitiator    : HHH000026: Second-level cache disabled
2026-09-06T10:22:48.696+05:45  INFO 41468 --- [main] o.s.o.j.p.SpringPersistenceUnitInfo      : No LoadTimeWeaver setup: ignoring JPA class transformer
2026-09-06T10:22:48.716+05:45  WARN 41468 --- [main] org.hibernate.orm.deprecation            : HHH90000025: H2Dialect does not need to be specified explicitly using 'hibernate.dialect' (remove the property setting and it will be selected by default)
2026-09-06T10:22:49.165+05:45  INFO 41468 --- [main] o.h.e.t.j.p.i.JtaPlatformInitiator       : HHH000489: No JTA platform available (set 'hibernate.transaction.jta.platform' to enable JTA platform integration)
2026-09-06T10:22:49.191+05:45  INFO 41468 --- [main] j.LocalContainerEntityManagerFactoryBean : Initialized JPA EntityManagerFactory for persistence unit 'default'
2026-09-06T10:22:49.451+05:45  INFO 41468 --- [main] o.s.d.j.r.query.QueryEnhancerFactory     : Hibernate is in classpath; If applicable, HQL parser will be used.
2026-09-06T10:22:49.812+05:45  INFO 41468 --- [main] o.s.b.a.w.s.WelcomePageHandlerMapping    : Adding welcome page: class path resource [static/index.html]
2026-09-06T10:22:49.947+05:45  INFO 41468 --- [main] o.s.s.web.DefaultSecurityFilterChain     : Will secure any request with [org.springframework.security.web.session.DisableEncodeUrlFilter@3d5211ee, org.springframework.security.web.context.request.async.WebAsyncManagerIntegrationFilter@51535304, org.springframework.security.web.context.SecurityContextHolderFilter@1d9e511c, org.springframework.security.web.header.HeaderWriterFilter@580694ce, org.springframework.web.filter.CorsFilter@74be992a, org.springframework.security.web.authentication.logout.LogoutFilter@135a8812, com.library.lms.security.JwtAuthFilter@5263f554, org.springframework.security.web.savedrequest.RequestCacheAwareFilter@3b93d874, org.springframework.security.web.servletapi.SecurityContextHolderAwareRequestFilter@72b88762, org.springframework.security.web.authentication.AnonymousAuthenticationFilter@346d441a, org.springframework.security.web.session.SessionManagementFilter@2ff9a06, org.springframework.security.web.access.ExceptionTranslationFilter@7eee42fc, org.springframework.security.web.access.intercept.AuthorizationFilter@6208f81c]
2026-09-06T10:22:50.110+05:45  INFO 41468 --- [main] o.s.b.w.embedded.tomcat.TomcatWebServer  : Tomcat started on port 8080 (http) with context path ''
2026-09-06T10:22:50.122+05:45  INFO 41468 --- [main] com.library.lms.LmsApplication           : Started LmsApplication in 3.034 seconds (process running for 3.291)
2026-09-06T10:22:51.304+05:45  INFO 41468 --- [http-nio-8080-exec-1] o.a.c.c.C.[Tomcat].[localhost].[/]       : Initializing Spring DispatcherServlet 'dispatcherServlet'
2026-09-06T10:22:51.304+05:45  INFO 41468 --- [http-nio-8080-exec-1] o.s.web.servlet.DispatcherServlet        : Initializing Servlet 'dispatcherServlet'
2026-09-06T10:22:51.305+05:45  INFO 41468 --- [http-nio-8080-exec-1] o.s.web.servlet.DispatcherServlet        : Completed initialization in 1 ms
2026-09-06T10:22:58.526+05:45  INFO 41468 --- [http-nio-8080-exec-4] com.library.lms.aspect.AuditAspect       : [AUDIT-AOP] Method 'returnLoan' executed successfully by class 'LoanServiceImpl'
2026-09-06T10:23:40.540+05:45  INFO 41468 --- [http-nio-8080-exec-9] com.library.lms.aspect.AuditAspect       : [AUDIT-AOP] Method 'createBook' executed successfully by class 'BookServiceImpl'
2026-09-06T10:23:40.562+05:45  INFO 41468 --- [http-nio-8080-exec-1] com.library.lms.aspect.AuditAspect       : [AUDIT-AOP] Method 'updateBook' executed successfully by class 'BookServiceImpl'
2026-09-06T10:23:40.571+05:45  INFO 41468 --- [http-nio-8080-exec-2] com.library.lms.aspect.AuditAspect       : [AUDIT-AOP] Method 'deleteBook' executed successfully by class 'BookServiceImpl'
2026-09-06T10:23:40.589+05:45  INFO 41468 --- [http-nio-8080-exec-4] com.library.lms.aspect.AuditAspect       : [AUDIT-AOP] Method 'issueLoan' executed successfully by class 'LoanServiceImpl'
2026-09-06T10:23:40.596+05:45  INFO 41468 --- [http-nio-8080-exec-5] com.library.lms.aspect.AuditAspect       : [AUDIT-AOP] Method 'issueLoan' executed successfully by class 'LoanServiceImpl'
2026-09-06T10:24:19.187+05:45  INFO 41468 --- [SpringApplicationShutdownHook] j.LocalContainerEntityManagerFactoryBean : Closing JPA EntityManagerFactory for persistence unit 'default'
2026-09-06T10:24:19.191+05:45  INFO 41468 --- [SpringApplicationShutdownHook] com.zaxxer.hikari.HikariDataSource       : HikariPool-1 - Shutdown initiated...
2026-09-06T10:24:19.193+05:45  INFO 41468 --- [SpringApplicationShutdownHook] com.zaxxer.hikari.HikariDataSource       : HikariPool-1 - Shutdown completed.
2026-09-06T10:24:25.159+05:45  INFO 41607 --- [main] com.library.lms.LmsApplication           : Starting LmsApplication v1.0.0 using Java 17.0.20.1 with PID 41607 (/Users/karan/Projects/library-management-system/source code/target/library-management-system-1.0.0.jar started by karan in /Users/karan/Projects/library-management-system/source code)
2026-09-06T10:24:25.161+05:45  INFO 41607 --- [main] com.library.lms.LmsApplication           : No active profile set, falling back to 1 default profile: "default"
2026-09-06T10:24:25.704+05:45  INFO 41607 --- [main] .s.d.r.c.RepositoryConfigurationDelegate : Bootstrapping Spring Data JPA repositories in DEFAULT mode.
2026-09-06T10:24:25.737+05:45  INFO 41607 --- [main] .s.d.r.c.RepositoryConfigurationDelegate : Finished Spring Data repository scanning in 30 ms. Found 7 JPA repository interfaces.
2026-09-06T10:24:26.090+05:45  INFO 41607 --- [main] o.s.b.w.embedded.tomcat.TomcatWebServer  : Tomcat initialized with port 8080 (http)
2026-09-06T10:24:26.095+05:45  INFO 41607 --- [main] o.apache.catalina.core.StandardService   : Starting service [Tomcat]
2026-09-06T10:24:26.095+05:45  INFO 41607 --- [main] o.apache.catalina.core.StandardEngine    : Starting Servlet engine: [Apache Tomcat/10.1.20]
2026-09-06T10:24:26.111+05:45  INFO 41607 --- [main] o.a.c.c.C.[Tomcat].[localhost].[/]       : Initializing Spring embedded WebApplicationContext
2026-09-06T10:24:26.111+05:45  INFO 41607 --- [main] w.s.c.ServletWebServerApplicationContext : Root WebApplicationContext: initialization completed in 872 ms
2026-09-06T10:24:26.136+05:45  INFO 41607 --- [main] com.zaxxer.hikari.HikariDataSource       : HikariPool-1 - Starting...
2026-09-06T10:24:26.320+05:45  INFO 41607 --- [main] com.zaxxer.hikari.pool.HikariPool        : HikariPool-1 - Added connection conn1: url=jdbc:h2:file:./data/lmsdb user=SA
2026-09-06T10:24:26.321+05:45  INFO 41607 --- [main] com.zaxxer.hikari.HikariDataSource       : HikariPool-1 - Start completed.
2026-09-06T10:24:26.327+05:45  INFO 41607 --- [main] o.s.b.a.h2.H2ConsoleAutoConfiguration    : H2 console available at '/h2-console'. Database available at 'jdbc:h2:file:./data/lmsdb'
2026-09-06T10:24:26.442+05:45  INFO 41607 --- [main] o.hibernate.jpa.internal.util.LogHelper  : HHH000204: Processing PersistenceUnitInfo [name: default]
2026-09-06T10:24:26.471+05:45  INFO 41607 --- [main] org.hibernate.Version                    : HHH000412: Hibernate ORM core version 6.4.4.Final
2026-09-06T10:24:26.488+05:45  INFO 41607 --- [main] o.h.c.internal.RegionFactoryInitiator    : HHH000026: Second-level cache disabled
2026-09-06T10:24:26.594+05:45  INFO 41607 --- [main] o.s.o.j.p.SpringPersistenceUnitInfo      : No LoadTimeWeaver setup: ignoring JPA class transformer
2026-09-06T10:24:26.615+05:45  WARN 41607 --- [main] org.hibernate.orm.deprecation            : HHH90000025: H2Dialect does not need to be specified explicitly using 'hibernate.dialect' (remove the property setting and it will be selected by default)
2026-09-06T10:24:27.081+05:45  INFO 41607 --- [main] o.h.e.t.j.p.i.JtaPlatformInitiator       : HHH000489: No JTA platform available (set 'hibernate.transaction.jta.platform' to enable JTA platform integration)
2026-09-06T10:24:27.107+05:45  INFO 41607 --- [main] j.LocalContainerEntityManagerFactoryBean : Initialized JPA EntityManagerFactory for persistence unit 'default'
2026-09-06T10:24:27.356+05:45  INFO 41607 --- [main] o.s.d.j.r.query.QueryEnhancerFactory     : Hibernate is in classpath; If applicable, HQL parser will be used.
2026-09-06T10:24:27.715+05:45  INFO 41607 --- [main] o.s.b.a.w.s.WelcomePageHandlerMapping    : Adding welcome page: class path resource [static/index.html]
2026-09-06T10:24:27.831+05:45  INFO 41607 --- [main] o.s.s.web.DefaultSecurityFilterChain     : Will secure any request with [org.springframework.security.web.session.DisableEncodeUrlFilter@42a5bdaf, org.springframework.security.web.context.request.async.WebAsyncManagerIntegrationFilter@524032f9, org.springframework.security.web.context.SecurityContextHolderFilter@3656a6cd, org.springframework.security.web.header.HeaderWriterFilter@40c858fc, org.springframework.web.filter.CorsFilter@5f33123, org.springframework.security.web.authentication.logout.LogoutFilter@4cc070c2, com.library.lms.security.JwtAuthFilter@75c45c4b, org.springframework.security.web.savedrequest.RequestCacheAwareFilter@5967f0ff, org.springframework.security.web.servletapi.SecurityContextHolderAwareRequestFilter@580694ce, org.springframework.security.web.authentication.AnonymousAuthenticationFilter@2796716d, org.springframework.security.web.session.SessionManagementFilter@56a3da69, org.springframework.security.web.access.ExceptionTranslationFilter@31330344, org.springframework.security.web.access.intercept.AuthorizationFilter@2bcf856f]
2026-09-06T10:24:27.985+05:45  INFO 41607 --- [main] o.s.b.w.embedded.tomcat.TomcatWebServer  : Tomcat started on port 8080 (http) with context path ''
2026-09-06T10:24:27.997+05:45  INFO 41607 --- [main] com.library.lms.LmsApplication           : Started LmsApplication in 3.078 seconds (process running for 3.322)
2026-09-06T10:24:28.020+05:45  INFO 41607 --- [http-nio-8080-exec-1] o.a.c.c.C.[Tomcat].[localhost].[/]       : Initializing Spring DispatcherServlet 'dispatcherServlet'
2026-09-06T10:24:28.020+05:45  INFO 41607 --- [http-nio-8080-exec-1] o.s.web.servlet.DispatcherServlet        : Initializing Servlet 'dispatcherServlet'
2026-09-06T10:24:28.020+05:45  INFO 41607 --- [http-nio-8080-exec-1] o.s.web.servlet.DispatcherServlet        : Completed initialization in 0 ms
2026-09-06T10:24:28.622+05:45  INFO 41607 --- [http-nio-8080-exec-2] com.library.lms.aspect.AuditAspect       : [AUDIT-AOP] Method 'createBook' executed successfully by class 'BookServiceImpl'
2026-09-06T10:24:28.652+05:45  INFO 41607 --- [http-nio-8080-exec-4] com.library.lms.aspect.AuditAspect       : [AUDIT-AOP] Method 'updateBook' executed successfully by class 'BookServiceImpl'
2026-09-06T10:24:28.665+05:45  INFO 41607 --- [http-nio-8080-exec-5] com.library.lms.aspect.AuditAspect       : [AUDIT-AOP] Method 'deleteBook' executed successfully by class 'BookServiceImpl'
2026-09-06T10:24:28.685+05:45  INFO 41607 --- [http-nio-8080-exec-7] com.library.lms.aspect.AuditAspect       : [AUDIT-AOP] Method 'issueLoan' executed successfully by class 'LoanServiceImpl'
2026-09-06T10:24:28.694+05:45  INFO 41607 --- [http-nio-8080-exec-8] com.library.lms.aspect.AuditAspect       : [AUDIT-AOP] Method 'issueLoan' executed successfully by class 'LoanServiceImpl'
2026-09-06T10:26:34.839+05:45  INFO 41607 --- [http-nio-8080-exec-2] o.springdoc.api.AbstractOpenApiResource  : Init duration for springdoc-openapi is: 327 ms
2026-09-06T10:44:32.501+05:45  INFO 41607 --- [SpringApplicationShutdownHook] j.LocalContainerEntityManagerFactoryBean : Closing JPA EntityManagerFactory for persistence unit 'default'
2026-09-06T10:44:32.505+05:45  INFO 41607 --- [SpringApplicationShutdownHook] com.zaxxer.hikari.HikariDataSource       : HikariPool-1 - Shutdown initiated...
2026-09-06T10:44:32.506+05:45  INFO 41607 --- [SpringApplicationShutdownHook] com.zaxxer.hikari.HikariDataSource       : HikariPool-1 - Shutdown completed.
